$-3.1x^{11} + 11x^{9} + 2x + 7$
$-7.8x^{15} - 1.2x^{9} - x + 12x^{-3}$
$x^{6} + x^{5} + x^{2} + x + 1$
$0$
$x^{200} + 2x^{100} + x$
$x^{3} + x^{2} + x$
